Archive member included to satisfy reference by file (symbol)

c:/st/stm32cubeide_1.3.0/stm32cubeide/plugins/com.st.stm32cube.ide.mcu.externaltools.gnu-tools-for-stm32.7-2018-q2-update.win32_1.0.0.201904181610/tools/bin/../lib/gcc/arm-none-eabi/7.3.1/../../../../arm-none-eabi/lib/thumb/v7e-m\libc_nano.a(lib_a-exit.o)
                              c:/st/stm32cubeide_1.3.0/stm32cubeide/plugins/com.st.stm32cube.ide.mcu.externaltools.gnu-tools-for-stm32.7-2018-q2-update.win32_1.0.0.201904181610/tools/bin/../lib/gcc/arm-none-eabi/7.3.1/../../../../arm-none-eabi/lib/thumb/v7e-m/rdimon-crt0.o (exit)
c:/st/stm32cubeide_1.3.0/stm32cubeide/plugins/com.st.stm32cube.ide.mcu.externaltools.gnu-tools-for-stm32.7-2018-q2-update.win32_1.0.0.201904181610/tools/bin/../lib/gcc/arm-none-eabi/7.3.1/../../../../arm-none-eabi/lib/thumb/v7e-m\libc_nano.a(lib_a-impure.o)
                              c:/st/stm32cubeide_1.3.0/stm32cubeide/plugins/com.st.stm32cube.ide.mcu.externaltools.gnu-tools-for-stm32.7-2018-q2-update.win32_1.0.0.201904181610/tools/bin/../lib/gcc/arm-none-eabi/7.3.1/../../../../arm-none-eabi/lib/thumb/v7e-m\libc_nano.a(lib_a-exit.o) (_global_impure_ptr)
c:/st/stm32cubeide_1.3.0/stm32cubeide/plugins/com.st.stm32cube.ide.mcu.externaltools.gnu-tools-for-stm32.7-2018-q2-update.win32_1.0.0.201904181610/tools/bin/../lib/gcc/arm-none-eabi/7.3.1/../../../../arm-none-eabi/lib/thumb/v7e-m\libc_nano.a(lib_a-init.o)
                              c:/st/stm32cubeide_1.3.0/stm32cubeide/plugins/com.st.stm32cube.ide.mcu.externaltools.gnu-tools-for-stm32.7-2018-q2-update.win32_1.0.0.201904181610/tools/bin/../lib/gcc/arm-none-eabi/7.3.1/../../../../arm-none-eabi/lib/thumb/v7e-m/rdimon-crt0.o (__libc_init_array)
c:/st/stm32cubeide_1.3.0/stm32cubeide/plugins/com.st.stm32cube.ide.mcu.externaltools.gnu-tools-for-stm32.7-2018-q2-update.win32_1.0.0.201904181610/tools/bin/../lib/gcc/arm-none-eabi/7.3.1/../../../../arm-none-eabi/lib/thumb/v7e-m\libc_nano.a(lib_a-memset.o)
                              c:/st/stm32cubeide_1.3.0/stm32cubeide/plugins/com.st.stm32cube.ide.mcu.externaltools.gnu-tools-for-stm32.7-2018-q2-update.win32_1.0.0.201904181610/tools/bin/../lib/gcc/arm-none-eabi/7.3.1/../../../../arm-none-eabi/lib/thumb/v7e-m/rdimon-crt0.o (memset)
c:/st/stm32cubeide_1.3.0/stm32cubeide/plugins/com.st.stm32cube.ide.mcu.externaltools.gnu-tools-for-stm32.7-2018-q2-update.win32_1.0.0.201904181610/tools/bin/../lib/gcc/arm-none-eabi/7.3.1/../../../../arm-none-eabi/lib/thumb/v7e-m\libc_nano.a(lib_a-strlen.o)
                              Src/015uart_tx.o (strlen)
c:/st/stm32cubeide_1.3.0/stm32cubeide/plugins/com.st.stm32cube.ide.mcu.externaltools.gnu-tools-for-stm32.7-2018-q2-update.win32_1.0.0.201904181610/tools/bin/../lib/gcc/arm-none-eabi/7.3.1/../../../../arm-none-eabi/lib/thumb/v7e-m\librdimon_nano.a(rdimon-syscalls.o)
                              c:/st/stm32cubeide_1.3.0/stm32cubeide/plugins/com.st.stm32cube.ide.mcu.externaltools.gnu-tools-for-stm32.7-2018-q2-update.win32_1.0.0.201904181610/tools/bin/../lib/gcc/arm-none-eabi/7.3.1/../../../../arm-none-eabi/lib/thumb/v7e-m/rdimon-crt0.o (initialise_monitor_handles)
c:/st/stm32cubeide_1.3.0/stm32cubeide/plugins/com.st.stm32cube.ide.mcu.externaltools.gnu-tools-for-stm32.7-2018-q2-update.win32_1.0.0.201904181610/tools/bin/../lib/gcc/arm-none-eabi/7.3.1/../../../../arm-none-eabi/lib/thumb/v7e-m\librdimon_nano.a(rdimon-_exit.o)
                              c:/st/stm32cubeide_1.3.0/stm32cubeide/plugins/com.st.stm32cube.ide.mcu.externaltools.gnu-tools-for-stm32.7-2018-q2-update.win32_1.0.0.201904181610/tools/bin/../lib/gcc/arm-none-eabi/7.3.1/../../../../arm-none-eabi/lib/thumb/v7e-m\libc_nano.a(lib_a-exit.o) (_exit)
c:/st/stm32cubeide_1.3.0/stm32cubeide/plugins/com.st.stm32cube.ide.mcu.externaltools.gnu-tools-for-stm32.7-2018-q2-update.win32_1.0.0.201904181610/tools/bin/../lib/gcc/arm-none-eabi/7.3.1/../../../../arm-none-eabi/lib/thumb/v7e-m\librdimon_nano.a(rdimon-_kill.o)
                              c:/st/stm32cubeide_1.3.0/stm32cubeide/plugins/com.st.stm32cube.ide.mcu.externaltools.gnu-tools-for-stm32.7-2018-q2-update.win32_1.0.0.201904181610/tools/bin/../lib/gcc/arm-none-eabi/7.3.1/../../../../arm-none-eabi/lib/thumb/v7e-m\librdimon_nano.a(rdimon-_exit.o) (_kill)
c:/st/stm32cubeide_1.3.0/stm32cubeide/plugins/com.st.stm32cube.ide.mcu.externaltools.gnu-tools-for-stm32.7-2018-q2-update.win32_1.0.0.201904181610/tools/bin/../lib/gcc/arm-none-eabi/7.3.1/../../../../arm-none-eabi/lib/thumb/v7e-m\libc_nano.a(lib_a-errno.o)
                              c:/st/stm32cubeide_1.3.0/stm32cubeide/plugins/com.st.stm32cube.ide.mcu.externaltools.gnu-tools-for-stm32.7-2018-q2-update.win32_1.0.0.201904181610/tools/bin/../lib/gcc/arm-none-eabi/7.3.1/../../../../arm-none-eabi/lib/thumb/v7e-m\librdimon_nano.a(rdimon-syscalls.o) (__errno)
[...]
Memory Configuration

Name             Origin             Length             Attributes
RAM              0x0000000020000000 0x0000000000020000 xrw
ROM              0x0000000008000000 0x0000000000080000 xr
*default*        0x0000000000000000 0xffffffffffffffff

Linker script and memory map

LOAD c:/st/stm32cubeide_1.3.0/stm32cubeide/plugins/com.st.stm32cube.ide.mcu.externaltools.gnu-tools-for-stm32.7-2018-q2-update.win32_1.0.0.201904181610/tools/bin/../lib/gcc/arm-none-eabi/7.3.1/thumb/v7e-m/crti.o
LOAD c:/st/stm32cubeide_1.3.0/stm32cubeide/plugins/com.st.stm32cube.ide.mcu.externaltools.gnu-tools-for-stm32.7-2018-q2-update.win32_1.0.0.201904181610/tools/bin/../lib/gcc/arm-none-eabi/7.3.1/thumb/v7e-m/crtbegin.o
LOAD c:/st/stm32cubeide_1.3.0/stm32cubeide/plugins/com.st.stm32cube.ide.mcu.externaltools.gnu-tools-for-stm32.7-2018-q2-update.win32_1.0.0.201904181610/tools/bin/../lib/gcc/arm-none-eabi/7.3.1/../../../../arm-none-eabi/lib/thumb/v7e-m/rdimon-crt0.o
LOAD Src/015uart_tx.o
LOAD Startup/startup_stm32f446retx.o
LOAD drivers/Src/stm32f446xx_gpio_driver.o
LOAD drivers/Src/stm32f446xx_i2c_driver.o
LOAD drivers/Src/stm32f446xx_rcc_driver.o
LOAD drivers/Src/stm32f446xx_spi_driver.o
LOAD drivers/Src/stm32f446xx_usart_driver.o
LOAD c:/st/stm32cubeide_1.3.0/stm32cubeide/plugins/com.st.stm32cube.ide.mcu.externaltools.gnu-tools-for-stm32.7-2018-q2-update.win32_1.0.0.201904181610/tools/bin/../lib/gcc/arm-none-eabi/7.3.1/../../../../arm-none-eabi/lib/thumb/v7e-m\libc_nano.a
LOAD c:/st/stm32cubeide_1.3.0/stm32cubeide/plugins/com.st.stm32cube.ide.mcu.externaltools.gnu-tools-for-stm32.7-2018-q2-update.win32_1.0.0.201904181610/tools/bin/../lib/gcc/arm-none-eabi/7.3.1/../../../../arm-none-eabi/lib/thumb/v7e-m\librdimon_nano.a
START GROUP
LOAD c:/st/stm32cubeide_1.3.0/stm32cubeide/plugins/com.st.stm32cube.ide.mcu.externaltools.gnu-tools-for-stm32.7-2018-q2-update.win32_1.0.0.201904181610/tools/bin/../lib/gcc/arm-none-eabi/7.3.1/../../../../arm-none-eabi/lib/thumb/v7e-m\libc_nano.a
LOAD c:/st/stm32cubeide_1.3.0/stm32cubeide/plugins/com.st.stm32cube.ide.mcu.externaltools.gnu-tools-for-stm32.7-2018-q2-update.win32_1.0.0.201904181610/tools/bin/../lib/gcc/arm-none-eabi/7.3.1/../../../../arm-none-eabi/lib/thumb/v7e-m\libm.a
END GROUP
START GROUP
LOAD c:/st/stm32cubeide_1.3.0/stm32cubeide/plugins/com.st.stm32cube.ide.mcu.externaltools.gnu-tools-for-stm32.7-2018-q2-update.win32_1.0.0.201904181610/tools/bin/../lib/gcc/arm-none-eabi/7.3.1/thumb/v7e-m\libgcc.a
LOAD c:/st/stm32cubeide_1.3.0/stm32cubeide/plugins/com.st.stm32cube.ide.mcu.externaltools.gnu-tools-for-stm32.7-2018-q2-update.win32_1.0.0.201904181610/tools/bin/../lib/gcc/arm-none-eabi/7.3.1/../../../../arm-none-eabi/lib/thumb/v7e-m\libc_nano.a
END GROUP
START GROUP
LOAD c:/st/stm32cubeide_1.3.0/stm32cubeide/plugins/com.st.stm32cube.ide.mcu.externaltools.gnu-tools-for-stm32.7-2018-q2-update.win32_1.0.0.201904181610/tools/bin/../lib/gcc/arm-none-eabi/7.3.1/thumb/v7e-m\libgcc.a
LOAD c:/st/stm32cubeide_1.3.0/stm32cubeide/plugins/com.st.stm32cube.ide.mcu.externaltools.gnu-tools-for-stm32.7-2018-q2-update.win32_1.0.0.201904181610/tools/bin/../lib/gcc/arm-none-eabi/7.3.1/../../../../arm-none-eabi/lib/thumb/v7e-m\libc_nano.a
LOAD c:/st/stm32cubeide_1.3.0/stm32cubeide/plugins/com.st.stm32cube.ide.mcu.externaltools.gnu-tools-for-stm32.7-2018-q2-update.win32_1.0.0.201904181610/tools/bin/../lib/gcc/arm-none-eabi/7.3.1/../../../../arm-none-eabi/lib/thumb/v7e-m\libnosys.a
END GROUP
START GROUP
LOAD c:/st/stm32cubeide_1.3.0/stm32cubeide/plugins/com.st.stm32cube.ide.mcu.externaltools.gnu-tools-for-stm32.7-2018-q2-update.win32_1.0.0.201904181610/tools/bin/../lib/gcc/arm-none-eabi/7.3.1/thumb/v7e-m\libgcc.a
LOAD c:/st/stm32cubeide_1.3.0/stm32cubeide/plugins/com.st.stm32cube.ide.mcu.externaltools.gnu-tools-for-stm32.7-2018-q2-update.win32_1.0.0.201904181610/tools/bin/../lib/gcc/arm-none-eabi/7.3.1/../../../../arm-none-eabi/lib/thumb/v7e-m\libc_nano.a
LOAD c:/st/stm32cubeide_1.3.0/stm32cubeide/plugins/com.st.stm32cube.ide.mcu.externaltools.gnu-tools-for-stm32.7-2018-q2-update.win32_1.0.0.201904181610/tools/bin/../lib/gcc/arm-none-eabi/7.3.1/../../../../arm-none-eabi/lib/thumb/v7e-m\librdimon_nano.a
END GROUP
START GROUP
LOAD c:/st/stm32cubeide_1.3.0/stm32cubeide/plugins/com.st.stm32cube.ide.mcu.externaltools.gnu-tools-for-stm32.7-2018-q2-update.win32_1.0.0.201904181610/tools/bin/../lib/gcc/arm-none-eabi/7.3.1/thumb/v7e-m\libgcc.a
LOAD c:/st/stm32cubeide_1.3.0/stm32cubeide/plugins/com.st.stm32cube.ide.mcu.externaltools.gnu-tools-for-stm32.7-2018-q2-update.win32_1.0.0.201904181610/tools/bin/../lib/gcc/arm-none-eabi/7.3.1/../../../../arm-none-eabi/lib/thumb/v7e-m\libc_nano.a
LOAD c:/st/stm32cubeide_1.3.0/stm32cubeide/plugins/com.st.stm32cube.ide.mcu.externaltools.gnu-tools-for-stm32.7-2018-q2-update.win32_1.0.0.201904181610/tools/bin/../lib/gcc/arm-none-eabi/7.3.1/../../../../arm-none-eabi/lib/thumb/v7e-m\librdimon_nano.a
LOAD c:/st/stm32cubeide_1.3.0/stm32cubeide/plugins/com.st.stm32cube.ide.mcu.externaltools.gnu-tools-for-stm32.7-2018-q2-update.win32_1.0.0.201904181610/tools/bin/../lib/gcc/arm-none-eabi/7.3.1/../../../../arm-none-eabi/lib/thumb/v7e-m\libnosys.a
END GROUP
LOAD c:/st/stm32cubeide_1.3.0/stm32cubeide/plugins/com.st.stm32cube.ide.mcu.externaltools.gnu-tools-for-stm32.7-2018-q2-update.win32_1.0.0.201904181610/tools/bin/../lib/gcc/arm-none-eabi/7.3.1/thumb/v7e-m/crtend.o
LOAD c:/st/stm32cubeide_1.3.0/stm32cubeide/plugins/com.st.stm32cube.ide.mcu.externaltools.gnu-tools-for-stm32.7-2018-q2-update.win32_1.0.0.201904181610/tools/bin/../lib/gcc/arm-none-eabi/7.3.1/thumb/v7e-m/crtn.o
                0x0000000020020000                _estack = (ORIGIN (RAM) + LENGTH (RAM))
                0x0000000000000200                _Min_Heap_Size = 0x200
                0x0000000000000400                _Min_Stack_Size = 0x400

.isr_vector     0x0000000008000000      0x1c4
                0x0000000008000000                . = ALIGN (0x4)
 *(.isr_vector)
 .isr_vector    0x0000000008000000      0x1c4 Startup/startup_stm32f446retx.o
                0x0000000008000000                g_pfnVectors
                0x00000000080001c4                . = ALIGN (0x4)

.text           0x00000000080001c4      0xcb8
                0x00000000080001c4                . = ALIGN (0x4)
 *(.text)
 .text          0x00000000080001c4       0x40 c:/st/stm32cubeide_1.3.0/stm32cubeide/plugins/com.st.stm32cube.ide.mcu.externaltools.gnu-tools-for-stm32.7-2018-q2-update.win32_1.0.0.201904181610/tools/bin/../lib/gcc/arm-none-eabi/7.3.1/thumb/v7e-m/crtbegin.o
 .text          0x0000000008000204       0x10 c:/st/stm32cubeide_1.3.0/stm32cubeide/plugins/com.st.stm32cube.ide.mcu.externaltools.gnu-tools-for-stm32.7-2018-q2-update.win32_1.0.0.201904181610/tools/bin/../lib/gcc/arm-none-eabi/7.3.1/../../../../arm-none-eabi/lib/thumb/v7e-m\libc_nano.a(lib_a-strlen.o)
                0x0000000008000204                strlen
 *(.text*)
 .text.delay    0x0000000008000214       0x28 Src/015uart_tx.o
                0x0000000008000214                delay
 .text.USART2_Init
                0x000000000800023c       0x44 Src/015uart_tx.o
                0x000000000800023c                USART2_Init
 .text.USART2_GPIOInit
                0x0000000008000280       0x44 Src/015uart_tx.o
                0x0000000008000280                USART2_GPIOInit
 .text.GPIO_Button_Init
                0x00000000080002c4       0x38 Src/015uart_tx.o
                0x00000000080002c4                GPIO_Button_Init
 .text.main     0x00000000080002fc       0x50 Src/015uart_tx.o
                0x00000000080002fc                main
 .text.Reset_Handler
                0x000000000800034c       0x50 Startup/startup_stm32f446retx.o
                0x000000000800034c                Reset_Handler
 .text.Default_Handler
                0x000000000800039c        0x2 Startup/startup_stm32f446retx.o
                0x000000000800039c                RTC_Alarm_IRQHandler
                0x000000000800039c                EXTI2_IRQHandler
                0x000000000800039c                TIM8_CC_IRQHandler
                0x000000000800039c                SPDIF_Rx_IRQHandler
                0x000000000800039c                DebugMon_Handler
                0x000000000800039c                SPI4_IRQHandler
                0x000000000800039c                TIM1_CC_IRQHandler
                0x000000000800039c                QuadSPI_IRQHandler
                0x000000000800039c                DMA2_Stream5_IRQHandler
                0x000000000800039c                HardFault_Handler
                0x000000000800039c                DMA1_Stream5_IRQHandler
                0x000000000800039c                SysTick_Handler
                0x000000000800039c                PVD_IRQHandler
                0x000000000800039c                SDIO_IRQHandler
                0x000000000800039c                TAMP_STAMP_IRQHandler
                0x000000000800039c                PendSV_Handler
                0x000000000800039c                NMI_Handler
                0x000000000800039c                CAN2_RX1_IRQHandler
                0x000000000800039c                EXTI3_IRQHandler
                0x000000000800039c                TIM8_TRG_COM_TIM14_IRQHandler
                0x000000000800039c                TIM1_UP_TIM10_IRQHandler
                0x000000000800039c                FMPI2C1_error_IRQHandler
                0x000000000800039c                TIM8_UP_TIM13_IRQHandler
                0x000000000800039c                I2C3_ER_IRQHandler
                0x000000000800039c                EXTI0_IRQHandler
                0x000000000800039c                I2C2_EV_IRQHandler
                0x000000000800039c                DMA1_Stream2_IRQHandler
                0x000000000800039c                CAN1_RX0_IRQHandler
                0x000000000800039c                FPU_IRQHandler
                0x000000000800039c                OTG_HS_WKUP_IRQHandler
                0x000000000800039c                UsageFault_Handler
                0x000000000800039c                CAN2_SCE_IRQHandler
                0x000000000800039c                DMA2_Stream2_IRQHandler
                0x000000000800039c                SPI1_IRQHandler
                0x000000000800039c                TIM6_DAC_IRQHandler
                0x000000000800039c                TIM1_BRK_TIM9_IRQHandler
                0x000000000800039c                DCMI_IRQHandler
                0x000000000800039c                CAN2_RX0_IRQHandler
                0x000000000800039c                DMA2_Stream3_IRQHandler
                0x000000000800039c                FMPI2C1_IRQHandler
                0x000000000800039c                SAI2_IRQHandler
                0x000000000800039c                USART6_IRQHandler
                0x000000000800039c                USART3_IRQHandler
                0x000000000800039c                CAN1_RX1_IRQHandler
                0x000000000800039c                UART5_IRQHandler
                0x000000000800039c                DMA2_Stream0_IRQHandler
                0x000000000800039c                TIM4_IRQHandler
                0x000000000800039c                I2C1_EV_IRQHandler
                0x000000000800039c                HDMI_CEC_IRQHandler
                0x000000000800039c                DMA1_Stream6_IRQHandler
                0x000000000800039c                DMA1_Stream1_IRQHandler
                0x000000000800039c                UART4_IRQHandler
                0x000000000800039c                TIM3_IRQHandler
                0x000000000800039c                RCC_IRQHandler
                0x000000000800039c                TIM8_BRK_TIM12_IRQHandler
                0x000000000800039c                Default_Handler
                0x000000000800039c                EXTI15_10_IRQHandler
                0x000000000800039c                ADC_IRQHandler
                0x000000000800039c                DMA1_Stream7_IRQHandler
                0x000000000800039c                TIM7_IRQHandler
                0x000000000800039c                CAN2_TX_IRQHandler
                0x000000000800039c                TIM5_IRQHandler
                0x000000000800039c                DMA2_Stream7_IRQHandler
                0x000000000800039c                I2C3_EV_IRQHandler
                0x000000000800039c                EXTI9_5_IRQHandler
                0x000000000800039c                RTC_WKUP_IRQHandler
                0x000000000800039c                SPI2_IRQHandler
                0x000000000800039c                OTG_HS_EP1_IN_IRQHandler
                0x000000000800039c                MemManage_Handler
                0x000000000800039c                DMA1_Stream0_IRQHandler
                0x000000000800039c                CAN1_TX_IRQHandler
                0x000000000800039c                SVC_Handler
                0x000000000800039c                EXTI4_IRQHandler
                0x000000000800039c                OTG_HS_EP1_OUT_IRQHandler
                0x000000000800039c                WWDG_IRQHandler
                0x000000000800039c                TIM2_IRQHandler
                0x000000000800039c                OTG_FS_WKUP_IRQHandler
                0x000000000800039c                TIM1_TRG_COM_TIM11_IRQHandler
                0x000000000800039c                OTG_HS_IRQHandler
                0x000000000800039c                EXTI1_IRQHandler
                0x000000000800039c                USART2_IRQHandler
                0x000000000800039c                I2C2_ER_IRQHandler
                0x000000000800039c                DMA2_Stream1_IRQHandler
                0x000000000800039c                CAN1_SCE_IRQHandler
                0x000000000800039c                FLASH_IRQHandler
                0x000000000800039c                DMA2_Stream4_IRQHandler
                0x000000000800039c                BusFault_Handler
                0x000000000800039c                USART1_IRQHandler
                0x000000000800039c                OTG_FS_IRQHandler
                0x000000000800039c                SPI3_IRQHandler
                0x000000000800039c                DMA1_Stream4_IRQHandler
                0x000000000800039c                I2C1_ER_IRQHandler
                0x000000000800039c                FMC_IRQHandler
                0x000000000800039c                DMA2_Stream6_IRQHandler
                0x000000000800039c                SAI1_IRQHandler
                0x000000000800039c                DMA1_Stream3_IRQHandler
 *fill*         0x000000000800039e        0x2 
 .text.GPIO_Init
                0x00000000080003a0      0x334 drivers/Src/stm32f446xx_gpio_driver.o
                0x00000000080003a0                GPIO_Init
 .text.GPIO_PeriClockControl
                0x00000000080006d4      0x1a0 drivers/Src/stm32f446xx_gpio_driver.o
                0x00000000080006d4                GPIO_PeriClockControl
 .text.GPIO_ReadFromInputPin
                0x0000000008000874       0x2a drivers/Src/stm32f446xx_gpio_driver.o
                0x0000000008000874                GPIO_ReadFromInputPin
 *fill*         0x000000000800089e        0x2 
 .text.RCC_GetPCLK1Value
                0x00000000080008a0       0xb0 drivers/Src/stm32f446xx_rcc_driver.o
                0x00000000080008a0                RCC_GetPCLK1Value
 .text.RCC_GetPCLK2Value
                0x0000000008000950       0xa0 drivers/Src/stm32f446xx_rcc_driver.o
                0x0000000008000950                RCC_GetPCLK2Value
 .text.RCC_GetPLLOutputClock
                0x00000000080009f0        0xe drivers/Src/stm32f446xx_rcc_driver.o
                0x00000000080009f0                RCC_GetPLLOutputClock
 *fill*         0x00000000080009fe        0x2 
 .text.USART_SetBaudRate
                0x0000000008000a00       0xe4 drivers/Src/stm32f446xx_usart_driver.o
                0x0000000008000a00                USART_SetBaudRate
 .text.USART_PeripheralControl
                0x0000000008000ae4       0x36 drivers/Src/stm32f446xx_usart_driver.o
                0x0000000008000ae4                USART_PeripheralControl
 *fill*         0x0000000008000b1a        0x2 
 .text.USART_PeriClockControl
                0x0000000008000b1c      0x140 drivers/Src/stm32f446xx_usart_driver.o
                0x0000000008000b1c                USART_PeriClockControl
 .text.USART_Init
                0x0000000008000c5c       0xfe drivers/Src/stm32f446xx_usart_driver.o
                0x0000000008000c5c                USART_Init
 .text.USART_GetFlagStatus
                0x0000000008000d5a       0x28 drivers/Src/stm32f446xx_usart_driver.o
                0x0000000008000d5a                USART_GetFlagStatus
 .text.USART_SendData
                0x0000000008000d82       0x9a drivers/Src/stm32f446xx_usart_driver.o
                0x0000000008000d82                USART_SendData
 .text.__libc_init_array
                0x0000000008000e1c       0x48 c:/st/stm32cubeide_1.3.0/stm32cubeide/plugins/com.st.stm32cube.ide.mcu.externaltools.gnu-tools-for-stm32.7-2018-q2-update.win32_1.0.0.201904181610/tools/bin/../lib/gcc/arm-none-eabi/7.3.1/../../../../arm-none-eabi/lib/thumb/v7e-m\libc_nano.a(lib_a-init.o)
                0x0000000008000e1c                __libc_init_array
 *(.glue_7)
 .glue_7        0x0000000008000e64        0x0 linker stubs
 *(.glue_7t)
 .glue_7t       0x0000000008000e64        0x0 linker stubs
 *(.eh_frame)
 .eh_frame      0x0000000008000e64        0x0 c:/st/stm32cubeide_1.3.0/stm32cubeide/plugins/com.st.stm32cube.ide.mcu.externaltools.gnu-tools-for-stm32.7-2018-q2-update.win32_1.0.0.201904181610/tools/bin/../lib/gcc/arm-none-eabi/7.3.1/thumb/v7e-m/crtbegin.o
 *(.init)
 .init          0x0000000008000e64        0x4 c:/st/stm32cubeide_1.3.0/stm32cubeide/plugins/com.st.stm32cube.ide.mcu.externaltools.gnu-tools-for-stm32.7-2018-q2-update.win32_1.0.0.201904181610/tools/bin/../lib/gcc/arm-none-eabi/7.3.1/thumb/v7e-m/crti.o
                0x0000000008000e64                _init
 .init          0x0000000008000e68        0x8 c:/st/stm32cubeide_1.3.0/stm32cubeide/plugins/com.st.stm32cube.ide.mcu.externaltools.gnu-tools-for-stm32.7-2018-q2-update.win32_1.0.0.201904181610/tools/bin/../lib/gcc/arm-none-eabi/7.3.1/thumb/v7e-m/crtn.o
 *(.fini)
 .fini          0x0000000008000e70        0x4 c:/st/stm32cubeide_1.3.0/stm32cubeide/plugins/com.st.stm32cube.ide.mcu.externaltools.gnu-tools-for-stm32.7-2018-q2-update.win32_1.0.0.201904181610/tools/bin/../lib/gcc/arm-none-eabi/7.3.1/thumb/v7e-m/crti.o
                0x0000000008000e70                _fini
 .fini          0x0000000008000e74        0x8 c:/st/stm32cubeide_1.3.0/stm32cubeide/plugins/com.st.stm32cube.ide.mcu.externaltools.gnu-tools-for-stm32.7-2018-q2-update.win32_1.0.0.201904181610/tools/bin/../lib/gcc/arm-none-eabi/7.3.1/thumb/v7e-m/crtn.o
                0x0000000008000e7c                . = ALIGN (0x4)
                0x0000000008000e7c                _etext = .

.vfp11_veneer   0x0000000008000e7c        0x0
 .vfp11_veneer  0x0000000008000e7c        0x0 linker stubs

.v4_bx          0x0000000008000e7c        0x0
 .v4_bx         0x0000000008000e7c        0x0 linker stubs

.iplt           0x0000000008000e7c        0x0
 .iplt          0x0000000008000e7c        0x0 c:/st/stm32cubeide_1.3.0/stm32cubeide/plugins/com.st.stm32cube.ide.mcu.externaltools.gnu-tools-for-stm32.7-2018-q2-update.win32_1.0.0.201904181610/tools/bin/../lib/gcc/arm-none-eabi/7.3.1/thumb/v7e-m/crtbegin.o

.rel.dyn        0x0000000008000e7c        0x0
 .rel.iplt      0x0000000008000e7c        0x0 c:/st/stm32cubeide_1.3.0/stm32cubeide/plugins/com.st.stm32cube.ide.mcu.externaltools.gnu-tools-for-stm32.7-2018-q2-update.win32_1.0.0.201904181610/tools/bin/../lib/gcc/arm-none-eabi/7.3.1/thumb/v7e-m/crtbegin.o

.rodata         0x0000000008000e7c        0x0
                0x0000000008000e7c                . = ALIGN (0x4)
 *(.rodata)
 *(.rodata*)
                0x0000000008000e7c                . = ALIGN (0x4)

.ARM.extab      0x0000000008000e7c        0x0
                0x0000000008000e7c                . = ALIGN (0x4)
 *(.ARM.extab* .gnu.linkonce.armextab.*)
                0x0000000008000e7c                . = ALIGN (0x4)

.ARM            0x0000000008000e7c        0x0
                0x0000000008000e7c                . = ALIGN (0x4)
                0x0000000008000e7c                __exidx_start = .
 *(.ARM.exidx*)
                0x0000000008000e7c                __exidx_end = .
                0x0000000008000e7c                . = ALIGN (0x4)

.preinit_array  0x0000000008000e7c        0x0
                0x0000000008000e7c                . = ALIGN (0x4)
                0x0000000008000e7c                PROVIDE (__preinit_array_start = .)
 *(.preinit_array*)
                0x0000000008000e7c                PROVIDE (__preinit_array_end = .)
                0x0000000008000e7c                . = ALIGN (0x4)

.init_array     0x0000000008000e7c        0x4
                0x0000000008000e7c                . = ALIGN (0x4)
                0x0000000008000e7c                PROVIDE (__init_array_start = .)
 *(SORT_BY_NAME(.init_array.*))
 *(.init_array*)
 .init_array    0x0000000008000e7c        0x4 c:/st/stm32cubeide_1.3.0/stm32cubeide/plugins/com.st.stm32cube.ide.mcu.externaltools.gnu-tools-for-stm32.7-2018-q2-update.win32_1.0.0.201904181610/tools/bin/../lib/gcc/arm-none-eabi/7.3.1/thumb/v7e-m/crtbegin.o
                0x0000000008000e80                PROVIDE (__init_array_end = .)
                0x0000000008000e80                . = ALIGN (0x4)

.fini_array     0x0000000008000e80        0x4
                0x0000000008000e80                . = ALIGN (0x4)
                [!provide]                        PROVIDE (__fini_array_start = .)
 *(SORT_BY_NAME(.fini_array.*))
 *(.fini_array*)
 .fini_array    0x0000000008000e80        0x4 c:/st/stm32cubeide_1.3.0/stm32cubeide/plugins/com.st.stm32cube.ide.mcu.externaltools.gnu-tools-for-stm32.7-2018-q2-update.win32_1.0.0.201904181610/tools/bin/../lib/gcc/arm-none-eabi/7.3.1/thumb/v7e-m/crtbegin.o
                [!provide]                        PROVIDE (__fini_array_end = .)
                0x0000000008000e84                . = ALIGN (0x4)
                0x0000000008000e84                _sidata = LOADADDR (.data)

.data           0x0000000020000000      0x414 load address 0x0000000008000e84
                0x0000000020000000                . = ALIGN (0x4)
                0x0000000020000000                _sdata = .
 *(.data)
 *(.data*)
 .data.msg      0x0000000020000000      0x400 Src/015uart_tx.o
                0x0000000020000000                msg
 .data.AHB_PreScaler
                0x0000000020000400       0x10 drivers/Src/stm32f446xx_rcc_driver.o
                0x0000000020000400                AHB_PreScaler
 .data.APB1_PreScaler
                0x0000000020000410        0x4 drivers/Src/stm32f446xx_rcc_driver.o
                0x0000000020000410                APB1_PreScaler
                0x0000000020000414                . = ALIGN (0x4)
                0x0000000020000414                _edata = .

.igot.plt       0x0000000020000414        0x0 load address 0x0000000008001298
 .igot.plt      0x0000000020000414        0x0 c:/st/stm32cubeide_1.3.0/stm32cubeide/plugins/com.st.stm32cube.ide.mcu.externaltools.gnu-tools-for-stm32.7-2018-q2-update.win32_1.0.0.201904181610/tools/bin/../lib/gcc/arm-none-eabi/7.3.1/thumb/v7e-m/crtbegin.o
                0x0000000020000414                . = ALIGN (0x4)

.bss            0x0000000020000414       0x2c load address 0x0000000008001298
                0x0000000020000414                _sbss = .
                0x0000000020000414                __bss_start__ = _sbss
 *(.bss)
 .bss           0x0000000020000414       0x1c c:/st/stm32cubeide_1.3.0/stm32cubeide/plugins/com.st.stm32cube.ide.mcu.externaltools.gnu-tools-for-stm32.7-2018-q2-update.win32_1.0.0.201904181610/tools/bin/../lib/gcc/arm-none-eabi/7.3.1/thumb/v7e-m/crtbegin.o
 *(.bss*)
 *(COMMON)
 COMMON         0x0000000020000430       0x10 Src/015uart_tx.o
                0x0000000020000430                usart2_handle
                0x0000000020000440                . = ALIGN (0x4)
                0x0000000020000440                _ebss = .
                0x0000000020000440                __bss_end__ = _ebss

._user_heap_stack
                0x0000000020000440      0x600 load address 0x0000000008001298
                0x0000000020000440                . = ALIGN (0x8)
                0x0000000020000440                PROVIDE (end = .)
                [!provide]                        PROVIDE (_end = .)
                0x0000000020000640                . = (. + _Min_Heap_Size)
 *fill*         0x0000000020000440      0x200 
                0x0000000020000a40                . = (. + _Min_Stack_Size)
 *fill*         0x0000000020000640      0x400 
                0x0000000020000a40                . = ALIGN (0x8)

/DISCARD/
 libc.a(*)
 libm.a(*)
 libgcc.a(*)

.ARM.attributes
                0x0000000000000000       0x2a
 *(.ARM.attributes)
 .ARM.attributes
                0x0000000000000000       0x1e c:/st/stm32cubeide_1.3.0/stm32cubeide/plugins/com.st.stm32cube.ide.mcu.externaltools.gnu-tools-for-stm32.7-2018-q2-update.win32_1.0.0.201904181610/tools/bin/../lib/gcc/arm-none-eabi/7.3.1/thumb/v7e-m/crti.o
 .ARM.attributes
                0x000000000000001e       0x2e c:/st/stm32cubeide_1.3.0/stm32cubeide/plugins/com.st.stm32cube.ide.mcu.externaltools.gnu-tools-for-stm32.7-2018-q2-update.win32_1.0.0.201904181610/tools/bin/../lib/gcc/arm-none-eabi/7.3.1/thumb/v7e-m/crtbegin.o
 .ARM.attributes
                0x000000000000004c       0x33 Src/015uart_tx.o
 .ARM.attributes
                0x000000000000007f       0x21 Startup/startup_stm32f446retx.o
 .ARM.attributes
                0x00000000000000a0       0x33 drivers/Src/stm32f446xx_gpio_driver.o
 .ARM.attributes
                0x00000000000000d3       0x33 drivers/Src/stm32f446xx_rcc_driver.o
 .ARM.attributes
                0x0000000000000106       0x33 drivers/Src/stm32f446xx_usart_driver.o
 .ARM.attributes
                0x0000000000000139       0x2e c:/st/stm32cubeide_1.3.0/stm32cubeide/plugins/com.st.stm32cube.ide.mcu.externaltools.gnu-tools-for-stm32.7-2018-q2-update.win32_1.0.0.201904181610/tools/bin/../lib/gcc/arm-none-eabi/7.3.1/../../../../arm-none-eabi/lib/thumb/v7e-m\libc_nano.a(lib_a-init.o)
 .ARM.attributes
                0x0000000000000167       0x17 c:/st/stm32cubeide_1.3.0/stm32cubeide/plugins/com.st.stm32cube.ide.mcu.externaltools.gnu-tools-for-stm32.7-2018-q2-update.win32_1.0.0.201904181610/tools/bin/../lib/gcc/arm-none-eabi/7.3.1/../../../../arm-none-eabi/lib/thumb/v7e-m\libc_nano.a(lib_a-strlen.o)
 .ARM.attributes
                0x000000000000017e       0x1e c:/st/stm32cubeide_1.3.0/stm32cubeide/plugins/com.st.stm32cube.ide.mcu.externaltools.gnu-tools-for-stm32.7-2018-q2-update.win32_1.0.0.201904181610/tools/bin/../lib/gcc/arm-none-eabi/7.3.1/thumb/v7e-m/crtn.o
OUTPUT(stm32f4xx_drivers.elf elf32-littlearm)

.debug_info     0x0000000000000000     0x1cd0
 .debug_info    0x0000000000000000      0xb9a Src/015uart_tx.o
 .debug_info    0x0000000000000b9a       0x22 Startup/startup_stm32f446retx.o
 .debug_info    0x0000000000000bbc      0x74a drivers/Src/stm32f446xx_gpio_driver.o
 .debug_info    0x0000000000001306      0x3b9 drivers/Src/stm32f446xx_rcc_driver.o
 .debug_info    0x00000000000016bf      0x611 drivers/Src/stm32f446xx_usart_driver.o

.debug_abbrev   0x0000000000000000      0x5de
 .debug_abbrev  0x0000000000000000      0x208 Src/015uart_tx.o
 .debug_abbrev  0x0000000000000208       0x12 Startup/startup_stm32f446retx.o
 .debug_abbrev  0x000000000000021a      0x141 drivers/Src/stm32f446xx_gpio_driver.o
 .debug_abbrev  0x000000000000035b       0xfd drivers/Src/stm32f446xx_rcc_driver.o
 .debug_abbrev  0x0000000000000458      0x186 drivers/Src/stm32f446xx_usart_driver.o

.debug_aranges  0x0000000000000000      0x168
 .debug_aranges
                0x0000000000000000       0x40 Src/015uart_tx.o
 .debug_aranges
                0x0000000000000040       0x28 Startup/startup_stm32f446retx.o
 .debug_aranges
                0x0000000000000068       0x70 drivers/Src/stm32f446xx_gpio_driver.o
 .debug_aranges
                0x00000000000000d8       0x30 drivers/Src/stm32f446xx_rcc_driver.o
 .debug_aranges
                0x0000000000000108       0x60 drivers/Src/stm32f446xx_usart_driver.o

.debug_ranges   0x0000000000000000      0x120
 .debug_ranges  0x0000000000000000       0x30 Src/015uart_tx.o
 .debug_ranges  0x0000000000000030       0x20 Startup/startup_stm32f446retx.o
 .debug_ranges  0x0000000000000050       0x60 drivers/Src/stm32f446xx_gpio_driver.o
 .debug_ranges  0x00000000000000b0       0x20 drivers/Src/stm32f446xx_rcc_driver.o
 .debug_ranges  0x00000000000000d0       0x50 drivers/Src/stm32f446xx_usart_driver.o

.debug_macro    0x0000000000000000     0x2dab
 .debug_macro   0x0000000000000000      0x238 Src/015uart_tx.o
 .debug_macro   0x0000000000000238      0xa66 Src/015uart_tx.o
 .debug_macro   0x0000000000000c9e       0x22 Src/015uart_tx.o
 .debug_macro   0x0000000000000cc0       0x40 Src/015uart_tx.o
 .debug_macro   0x0000000000000d00       0x18 Src/015uart_tx.o
 .debug_macro   0x0000000000000d18       0x94 Src/015uart_tx.o
 .debug_macro   0x0000000000000dac       0x3c Src/015uart_tx.o
 .debug_macro   0x0000000000000de8       0x34 Src/015uart_tx.o
 .debug_macro   0x0000000000000e1c       0x16 Src/015uart_tx.o
 .debug_macro   0x0000000000000e32       0x57 Src/015uart_tx.o
 .debug_macro   0x0000000000000e89       0x97 Src/015uart_tx.o
 .debug_macro   0x0000000000000f20      0x330 Src/015uart_tx.o
 .debug_macro   0x0000000000001250       0xfd Src/015uart_tx.o
 .debug_macro   0x000000000000134d       0x10 Src/015uart_tx.o
 .debug_macro   0x000000000000135d       0x52 Src/015uart_tx.o
 .debug_macro   0x00000000000013af       0x1f Src/015uart_tx.o
 .debug_macro   0x00000000000013ce       0x43 Src/015uart_tx.o
 .debug_macro   0x0000000000001411       0x20 Src/015uart_tx.o
 .debug_macro   0x0000000000001431      0x1a3 Src/015uart_tx.o
 .debug_macro   0x00000000000015d4       0x10 Src/015uart_tx.o
 .debug_macro   0x00000000000015e4       0x6a Src/015uart_tx.o
 .debug_macro   0x000000000000164e       0x1c Src/015uart_tx.o
 .debug_macro   0x000000000000166a       0x52 Src/015uart_tx.o
 .debug_macro   0x00000000000016bc       0x40 Src/015uart_tx.o
 .debug_macro   0x00000000000016fc       0x10 Src/015uart_tx.o
 .debug_macro   0x000000000000170c       0x40 Src/015uart_tx.o
 .debug_macro   0x000000000000174c       0xd7 Src/015uart_tx.o
 .debug_macro   0x0000000000001823       0x1c Src/015uart_tx.o
 .debug_macro   0x000000000000183f       0x3d Src/015uart_tx.o
 .debug_macro   0x000000000000187c       0x16 Src/015uart_tx.o
 .debug_macro   0x0000000000001892      0x145 Src/015uart_tx.o
 .debug_macro   0x00000000000019d7       0x16 Src/015uart_tx.o
 .debug_macro   0x00000000000019ed       0x35 Src/015uart_tx.o
 .debug_macro   0x0000000000001a22       0x20 Src/015uart_tx.o
 .debug_macro   0x0000000000001a42       0xef Src/015uart_tx.o
 .debug_macro   0x0000000000001b31      0x1df Src/015uart_tx.o
 .debug_macro   0x0000000000001d10      0x770 Src/015uart_tx.o
 .debug_macro   0x0000000000002480       0xc4 Src/015uart_tx.o
 .debug_macro   0x0000000000002544       0xb2 Src/015uart_tx.o
 .debug_macro   0x00000000000025f6       0xd0 Src/015uart_tx.o
 .debug_macro   0x00000000000026c6       0xd6 Src/015uart_tx.o
 .debug_macro   0x000000000000279c       0xc2 drivers/Src/stm32f446xx_gpio_driver.o
 .debug_macro   0x000000000000285e       0x8e drivers/Src/stm32f446xx_gpio_driver.o
 .debug_macro   0x00000000000028ec       0x51 drivers/Src/stm32f446xx_gpio_driver.o
 .debug_macro   0x000000000000293d      0x174 drivers/Src/stm32f446xx_gpio_driver.o
 .debug_macro   0x0000000000002ab1       0xac drivers/Src/stm32f446xx_gpio_driver.o
 .debug_macro   0x0000000000002b5d       0xbc drivers/Src/stm32f446xx_rcc_driver.o
 .debug_macro   0x0000000000002c19       0xc2 drivers/Src/stm32f446xx_usart_driver.o
 .debug_macro   0x0000000000002cdb       0xd0 drivers/Src/stm32f446xx_usart_driver.o

.debug_line     0x0000000000000000     0x18b9
 .debug_line    0x0000000000000000      0x6f4 Src/015uart_tx.o
 .debug_line    0x00000000000006f4       0x84 Startup/startup_stm32f446retx.o
 .debug_line    0x0000000000000778      0x6a9 drivers/Src/stm32f446xx_gpio_driver.o
 .debug_line    0x0000000000000e21      0x4ce drivers/Src/stm32f446xx_rcc_driver.o
 .debug_line    0x00000000000012ef      0x5ca drivers/Src/stm32f446xx_usart_driver.o

.debug_str      0x0000000000000000     0xb368
 .debug_str     0x0000000000000000     0xae4d Src/015uart_tx.o
                                       0xb0a4 (size before relaxing)
 .debug_str     0x000000000000ae4d       0x31 Startup/startup_stm32f446retx.o
                                         0x74 (size before relaxing)
 .debug_str     0x000000000000ae7e      0x304 drivers/Src/stm32f446xx_gpio_driver.o
                                       0x713e (size before relaxing)
 .debug_str     0x000000000000b182       0xc1 drivers/Src/stm32f446xx_rcc_driver.o
                                       0x6f54 (size before relaxing)
 .debug_str     0x000000000000b243      0x125 drivers/Src/stm32f446xx_usart_driver.o
                                       0x706c (size before relaxing)

.comment        0x0000000000000000       0x7b
 .comment       0x0000000000000000       0x7b Src/015uart_tx.o
                                         0x7c (size before relaxing)
 .comment       0x000000000000007b       0x7c drivers/Src/stm32f446xx_gpio_driver.o
 .comment       0x000000000000007b       0x7c drivers/Src/stm32f446xx_rcc_driver.o
 .comment       0x000000000000007b       0x7c drivers/Src/stm32f446xx_usart_driver.o

.debug_frame    0x0000000000000000      0x494
 .debug_frame   0x0000000000000000       0xb8 Src/015uart_tx.o
 .debug_frame   0x00000000000000b8      0x1c8 drivers/Src/stm32f446xx_gpio_driver.o
 .debug_frame   0x0000000000000280       0x7c drivers/Src/stm32f446xx_rcc_driver.o
 .debug_frame   0x00000000000002fc      0x16c drivers/Src/stm32f446xx_usart_driver.o
 .debug_frame   0x0000000000000468       0x2c c:/st/stm32cubeide_1.3.0/stm32cubeide/plugins/com.st.stm32cube.ide.mcu.externaltools.gnu-tools-for-stm32.7-2018-q2-update.win32_1.0.0.201904181610/tools/bin/../lib/gcc/arm-none-eabi/7.3.1/../../../../arm-none-eabi/lib/thumb/v7e-m\libc_nano.a(lib_a-init.o)
