stm32f446xx_i2c_driver.c:21:13:I2C_GenerateStartCondition	16	static
stm32f446xx_i2c_driver.c:26:13:I2C_ExcuteAddressPhaseWrite	16	static
stm32f446xx_i2c_driver.c:33:13:I2C_ExcuteAddressPhaseRead	16	static
stm32f446xx_i2c_driver.c:40:13:I2C_ClearADDRFlag	24	static
stm32f446xx_i2c_driver.c:47:6:I2C_GenerateStopCondition	16	static
stm32f446xx_i2c_driver.c:52:6:I2C_SlaveEnableDisableCallbackEvents	16	static
stm32f446xx_i2c_driver.c:81:6:I2C_PeriphralControl	16	static
stm32f446xx_i2c_driver.c:107:6:I2C_PeriClockControl	16	static
stm32f446xx_i2c_driver.c:148:6:I2C_Init	24	static
stm32f446xx_i2c_driver.c:212:6:I2C_DeInit	16	static
stm32f446xx_i2c_driver.c:226:9:I2C_GetFlagStatus	16	static
stm32f446xx_i2c_driver.c:249:6:I2C_MasterSendData	24	static
stm32f446xx_i2c_driver.c:302:6:I2C_MasterReceiveData	32	static
stm32f446xx_i2c_driver.c:385:6:I2C_IRQInterruptConfig	16	static
stm32f446xx_i2c_driver.c:439:6:I2C_IRQPriorityConfig	24	static
stm32f446xx_i2c_driver.c:453:9:I2C_MasterSendDataIT	32	static
stm32f446xx_i2c_driver.c:480:9:I2C_MasterReceiveDataIT	32	static
stm32f446xx_i2c_driver.c:507:13:I2C_MasterHandleTXEInterrupt	16	static
stm32f446xx_i2c_driver.c:520:13:I2C_MasterHandleRXNEInterrupt	16	static
stm32f446xx_i2c_driver.c:557:6:I2C_CloseReceiveData	16	static
stm32f446xx_i2c_driver.c:574:6:I2C_CloseSendData	16	static
stm32f446xx_i2c_driver.c:587:6:I2C_SlaveSendData	16	static
stm32f446xx_i2c_driver.c:592:9:I2C_SlaveReceiveData	16	static
stm32f446xx_i2c_driver.c:597:6:I2C_ManageAcking	16	static
stm32f446xx_i2c_driver.c:612:6:I2C_EV_IRQHandling	32	static
stm32f446xx_i2c_driver.c:741:6:I2C_ER_IRQHandling	24	static
